nohup: ignoring input
Nbonds = 37
Nsites = 30
xx: 1 <-> 2
yy: 2 <-> 12
zz: 2 <-> 3
xx: 3 <-> 4
yy: 4 <-> 10
zz: 4 <-> 5
xx: 5 <-> 6
yy: 6 <-> 8
xx: 12 <-> 11
yy: 11 <-> 13
zz: 11 <-> 10
xx: 10 <-> 9
yy: 9 <-> 15
zz: 9 <-> 8
xx: 8 <-> 7
yy: 7 <-> 17
xx: 13 <-> 14
yy: 14 <-> 24
zz: 14 <-> 15
xx: 15 <-> 16
yy: 16 <-> 22
zz: 16 <-> 17
xx: 17 <-> 18
yy: 18 <-> 20
xx: 24 <-> 23
yy: 23 <-> 25
zz: 23 <-> 22
xx: 22 <-> 21
yy: 21 <-> 27
zz: 21 <-> 20
xx: 20 <-> 19
yy: 19 <-> 29
xx: 25 <-> 26
zz: 26 <-> 27
xx: 27 <-> 28
zz: 28 <-> 29
xx: 29 <-> 30
column x = 1
cell (1,1): A=1  B=2
cell (1,2): A=3  B=4
cell (1,3): A=5  B=6

column x = 2
cell (2,1): A=12  B=11
cell (2,2): A=10  B=9
cell (2,3): A=8  B=7

column x = 3
cell (3,1): A=13  B=14
cell (3,2): A=15  B=16
cell (3,3): A=17  B=18

column x = 4
cell (4,1): A=24  B=23
cell (4,2): A=22  B=21
cell (4,3): A=20  B=19

column x = 5
cell (5,1): A=25  B=26
cell (5,2): A=27  B=28
cell (5,3): A=29  B=30


xx
count = 15
min   = 1
max   = 1

yy
count = 12
min   = 2
max   = 10

zz
count = 10
min   = 1
max   = 1
After sweep 1 energy=-5.5285425  maxlinkdim=50 maxerr=1.12E-05 time=45.808
Sweep 1 | ?E=1.0000000055285425e9 | ?Spin=Inf
After sweep 2 energy=-5.5518837  maxlinkdim=100 maxerr=3.79E-06 time=0.649
Sweep 2 | ?E=0.02334117889404297 | ?Spin=0.10555001348257065
After sweep 3 energy=-5.5668745  maxlinkdim=150 maxerr=1.36E-06 time=0.685
Sweep 3 | ?E=0.014990806579589844 | ?Spin=0.122725292108953
After sweep 4 energy=-5.5753345  maxlinkdim=200 maxerr=3.70E-07 time=0.691
Sweep 4 | ?E=0.008460044860839844 | ?Spin=0.1495007872581482
After sweep 5 energy=-5.5786195  maxlinkdim=295 maxerr=9.99E-09 time=0.687
Sweep 5 | ?E=0.003284931182861328 | ?Spin=0.09987977612763643
After sweep 6 energy=-5.5800114  maxlinkdim=291 maxerr=1.00E-08 time=0.676
Sweep 6 | ?E=0.0013918876647949219 | ?Spin=0.042267633602023125
After sweep 7 energy=-5.580787  maxlinkdim=280 maxerr=9.99E-09 time=0.702
Sweep 7 | ?E=0.0007758140563964844 | ?Spin=0.022819652658654377
After sweep 8 energy=-5.581329  maxlinkdim=265 maxerr=9.98E-09 time=0.664
Sweep 8 | ?E=0.00054168701171875 | ?Spin=0.01991194647143857
After sweep 9 energy=-5.5817466  maxlinkdim=259 maxerr=9.97E-09 time=0.669
Sweep 9 | ?E=0.0004177093505859375 | ?Spin=0.01910046699049417
After sweep 10 energy=-5.5820646  maxlinkdim=258 maxerr=1.00E-08 time=0.692
Sweep 10 | ?E=0.0003180503845214844 | ?Spin=0.022563750004337635
After sweep 11 energy=-5.582363  maxlinkdim=254 maxerr=9.99E-09 time=0.676
Sweep 11 | ?E=0.00029850006103515625 | ?Spin=0.02552207988264854
After sweep 12 energy=-5.5825934  maxlinkdim=256 maxerr=9.95E-09 time=0.713
Sweep 12 | ?E=0.00023031234741210938 | ?Spin=0.028459589808335295
After sweep 13 energy=-5.582806  maxlinkdim=255 maxerr=1.18E-07 time=1.009
Sweep 13 | ?E=0.00021266937255859375 | ?Spin=0.030429041711613536
After sweep 14 energy=-5.582988  maxlinkdim=250 maxerr=1.40E-07 time=0.652
Sweep 14 | ?E=0.00018167495727539062 | ?Spin=0.031138241523876786
After sweep 15 energy=-5.5831475  maxlinkdim=249 maxerr=1.21E-07 time=0.643
Sweep 15 | ?E=0.00015974044799804688 | ?Spin=0.02910570799940615
After sweep 16 energy=-5.5832806  maxlinkdim=247 maxerr=1.05E-07 time=0.637
Sweep 16 | ?E=0.00013303756713867188 | ?Spin=0.028193877791636623
After sweep 17 energy=-5.5833864  maxlinkdim=247 maxerr=7.28E-08 time=0.634
Sweep 17 | ?E=0.00010585784912109375 | ?Spin=0.025369010865688324
After sweep 18 energy=-5.5834727  maxlinkdim=251 maxerr=3.65E-08 time=0.632
Sweep 18 | ?E=8.630752563476562e-5 | ?Spin=0.021228640573099256
After sweep 19 energy=-5.5835466  maxlinkdim=248 maxerr=1.40E-07 time=0.630
Sweep 19 | ?E=7.390975952148438e-5 | ?Spin=0.019370801746845245
After sweep 20 energy=-5.5836053  maxlinkdim=251 maxerr=1.88E-08 time=0.649
Sweep 20 | ?E=5.8650970458984375e-5 | ?Spin=0.015608120702381711
After sweep 21 energy=-5.583646  maxlinkdim=247 maxerr=7.40E-08 time=0.645
Sweep 21 | ?E=4.0531158447265625e-5 | ?Spin=0.01202386951445078
After sweep 22 energy=-5.583693  maxlinkdim=249 maxerr=1.02E-07 time=0.635
Sweep 22 | ?E=4.7206878662109375e-5 | ?Spin=0.01011306932196021
After sweep 23 energy=-5.5837317  maxlinkdim=246 maxerr=1.56E-07 time=0.632
Sweep 23 | ?E=3.8623809814453125e-5 | ?Spin=0.006654644615991856
After sweep 24 energy=-5.5837474  maxlinkdim=244 maxerr=8.59E-08 time=0.632
Sweep 24 | ?E=1.5735626220703125e-5 | ?Spin=0.004497239422562416
After sweep 25 energy=-5.5837855  maxlinkdim=248 maxerr=3.33E-08 time=0.629
Sweep 25 | ?E=3.814697265625e-5 | ?Spin=0.004274684295523912
After sweep 26 energy=-5.5837994  maxlinkdim=246 maxerr=3.32E-08 time=0.629
Sweep 26 | ?E=1.3828277587890625e-5 | ?Spin=0.00286316592246294
After sweep 27 energy=-5.583823  maxlinkdim=248 maxerr=5.78E-08 time=0.647
Sweep 27 | ?E=2.384185791015625e-5 | ?Spin=0.0024091176101137535
After sweep 28 energy=-5.5838375  maxlinkdim=244 maxerr=8.45E-08 time=0.642
Sweep 28 | ?E=1.430511474609375e-5 | ?Spin=0.0019735803944058716
After sweep 29 energy=-5.5838413  maxlinkdim=249 maxerr=5.61E-08 time=0.639
Sweep 29 | ?E=3.814697265625e-6 | ?Spin=0.0016779529978521168
After sweep 30 energy=-5.5838594  maxlinkdim=247 maxerr=7.17E-08 time=0.646
Sweep 30 | ?E=1.811981201171875e-5 | ?Spin=0.001417093909367395
After sweep 31 energy=-5.583873  maxlinkdim=246 maxerr=5.86E-08 time=0.631
Sweep 31 | ?E=1.33514404296875e-5 | ?Spin=0.001061060466327035
After sweep 32 energy=-5.5838747  maxlinkdim=248 maxerr=4.67E-08 time=0.630
Sweep 32 | ?E=1.9073486328125e-6 | ?Spin=0.0008751624619227627
After sweep 33 energy=-5.5838766  maxlinkdim=247 maxerr=1.33E-07 time=0.631
Sweep 33 | ?E=1.9073486328125e-6 | ?Spin=0.0008828029967844486
After sweep 34 energy=-5.583891  maxlinkdim=248 maxerr=5.67E-08 time=0.636
Sweep 34 | ?E=1.430511474609375e-5 | ?Spin=0.0006286986172199249
After sweep 35 energy=-5.58389  maxlinkdim=247 maxerr=7.56E-08 time=0.641
Sweep 35 | ?E=9.5367431640625e-7 | ?Spin=0.0005554109811782837
After sweep 36 energy=-5.5839124  maxlinkdim=247 maxerr=5.82E-08 time=0.632
Sweep 36 | ?E=2.2411346435546875e-5 | ?Spin=0.0005180966109037399
After sweep 37 energy=-5.583909  maxlinkdim=245 maxerr=5.11E-08 time=0.640
Sweep 37 | ?E=3.337860107421875e-6 | ?Spin=0.00048779998905956745
After sweep 38 energy=-5.5839067  maxlinkdim=246 maxerr=5.98E-08 time=0.639
Sweep 38 | ?E=2.384185791015625e-6 | ?Spin=0.00035777257289737463
After sweep 39 energy=-5.583916  maxlinkdim=247 maxerr=1.01E-07 time=0.642
Sweep 39 | ?E=9.5367431640625e-6 | ?Spin=0.000291566364467144
After sweep 40 energy=-5.583911  maxlinkdim=247 maxerr=1.40E-07 time=0.646
Sweep 40 | ?E=5.245208740234375e-6 | ?Spin=0.00020074006170034409
After sweep 41 energy=-5.5839205  maxlinkdim=248 maxerr=1.71E-07 time=0.664
Sweep 41 | ?E=9.5367431640625e-6 | ?Spin=0.00023648235946893692
After sweep 42 energy=-5.5839167  maxlinkdim=248 maxerr=4.73E-08 time=0.649
Sweep 42 | ?E=3.814697265625e-6 | ?Spin=0.00025547295808792114
After sweep 43 energy=-5.5839143  maxlinkdim=245 maxerr=9.01E-08 time=0.658
Sweep 43 | ?E=2.384185791015625e-6 | ?Spin=0.0002336464822292328
After sweep 44 energy=-5.5839076  maxlinkdim=246 maxerr=3.21E-08 time=0.645
Sweep 44 | ?E=6.67572021484375e-6 | ?Spin=0.0002720840275287628
After sweep 45 energy=-5.583916  maxlinkdim=245 maxerr=1.66E-07 time=0.657
Sweep 45 | ?E=8.58306884765625e-6 | ?Spin=0.0002597309648990631
After sweep 46 energy=-5.5839205  maxlinkdim=247 maxerr=2.27E-08 time=0.656
Sweep 46 | ?E=4.291534423828125e-6 | ?Spin=0.00024680420756340027
After sweep 47 energy=-5.5839195  maxlinkdim=245 maxerr=4.52E-08 time=0.643
Sweep 47 | ?E=9.5367431640625e-7 | ?Spin=0.00020788609981536865
After sweep 48 energy=-5.5839205  maxlinkdim=245 maxerr=5.83E-08 time=0.644
Sweep 48 | ?E=9.5367431640625e-7 | ?Spin=0.00019544603128451854
After sweep 49 energy=-5.58392  maxlinkdim=247 maxerr=7.16E-08 time=0.652
Sweep 49 | ?E=4.76837158203125e-7 | ?Spin=0.00014985213147156173
After sweep 50 energy=-5.5839233  maxlinkdim=245 maxerr=5.73E-08 time=0.653
Sweep 50 | ?E=3.337860107421875e-6 | ?Spin=0.00014329538726087776
After sweep 51 energy=-5.5839257  maxlinkdim=246 maxerr=2.23E-07 time=0.647
Sweep 51 | ?E=2.384185791015625e-6 | ?Spin=0.00012974441051483154
After sweep 52 energy=-5.583931  maxlinkdim=248 maxerr=8.49E-08 time=0.649
Sweep 52 | ?E=5.245208740234375e-6 | ?Spin=0.00012075563245161902
After sweep 53 energy=-5.5839233  maxlinkdim=245 maxerr=1.01E-07 time=0.645
Sweep 53 | ?E=7.62939453125e-6 | ?Spin=0.00010479206503077876
After sweep 54 energy=-5.583922  maxlinkdim=247 maxerr=1.34E-07 time=0.646
Sweep 54 | ?E=1.430511474609375e-6 | ?Spin=9.231224976247177e-5
After sweep 55 energy=-5.5839157  maxlinkdim=247 maxerr=1.09E-07 time=0.649
Sweep 55 | ?E=6.198883056640625e-6 | ?Spin=7.850676774978638e-5
After sweep 56 energy=-5.58392  maxlinkdim=248 maxerr=1.40E-07 time=0.640
Sweep 56 | ?E=4.291534423828125e-6 | ?Spin=8.706329390406609e-5
After sweep 57 energy=-5.5839276  maxlinkdim=248 maxerr=1.24E-07 time=0.635
Sweep 57 | ?E=7.62939453125e-6 | ?Spin=8.70364044658345e-5
After sweep 58 energy=-5.5839214  maxlinkdim=247 maxerr=7.89E-08 time=0.634
Sweep 58 | ?E=6.198883056640625e-6 | ?Spin=8.501111642544856e-5
After sweep 59 energy=-5.583932  maxlinkdim=247 maxerr=9.84E-08 time=0.634
Sweep 59 | ?E=1.049041748046875e-5 | ?Spin=7.175031078077154e-5
After sweep 60 energy=-5.583933  maxlinkdim=246 maxerr=1.20E-07 time=0.648
Sweep 60 | ?E=9.5367431640625e-7 | ?Spin=5.415065083980153e-5

=== GROUND STATE ===
E0      = -5.583933
var0    = 8.583069e-5
maxdim0 = 246
After sweep 1 energy=-5.527551972481839  maxlinkdim=50 maxerr=4.04E-05 time=51.128
Sweep 1 | ?E=1.000000005527552e9 | ?Spin=Inf
After sweep 2 energy=-5.550823917444047  maxlinkdim=100 maxerr=8.41E-06 time=1.218
Sweep 2 | ?E=0.023271944962208302 | ?Spin=0.08709337788207464
After sweep 3 energy=-5.565206590387406  maxlinkdim=150 maxerr=3.35E-06 time=1.830
Sweep 3 | ?E=0.014382672943359154 | ?Spin=0.11774651539646779
After sweep 4 energy=-5.57529020472398  maxlinkdim=200 maxerr=9.96E-07 time=2.586
Sweep 4 | ?E=0.010083614336573454 | ?Spin=0.14343614801408994
After sweep 5 energy=-5.579172518611756  maxlinkdim=300 maxerr=6.33E-08 time=4.517
Sweep 5 | ?E=0.0038823138877761565 | ?Spin=0.09644112010578118
After sweep 6 energy=-5.58066625196083  maxlinkdim=385 maxerr=9.99E-09 time=6.665
Sweep 6 | ?E=0.001493733349073878 | ?Spin=0.055896387550019896
After sweep 7 energy=-5.581498488628021  maxlinkdim=370 maxerr=9.98E-09 time=6.389
Sweep 7 | ?E=0.0008322366671906778 | ?Spin=0.058581014859336644
After sweep 8 energy=-5.582005520622934  maxlinkdim=365 maxerr=1.00E-08 time=6.208
Sweep 8 | ?E=0.0005070319949131985 | ?Spin=0.044696790767051645
After sweep 9 energy=-5.58237948038817  maxlinkdim=355 maxerr=9.99E-09 time=6.023
Sweep 9 | ?E=0.00037395976523590946 | ?Spin=0.034847681272491576
After sweep 10 energy=-5.5826709159863785  maxlinkdim=353 maxerr=9.97E-09 time=5.761
Sweep 10 | ?E=0.0002914355982088779 | ?Spin=0.025727583801962623
After sweep 11 energy=-5.582886268341083  maxlinkdim=351 maxerr=9.99E-09 time=5.530
Sweep 11 | ?E=0.00021535235470437897 | ?Spin=0.01739634618851439
After sweep 12 energy=-5.583081151916317  maxlinkdim=347 maxerr=9.99E-09 time=5.455
Sweep 12 | ?E=0.0001948835752338951 | ?Spin=0.01416625710987697
After sweep 13 energy=-5.5832391729112825  maxlinkdim=345 maxerr=9.99E-09 time=4.206
Sweep 13 | ?E=0.00015802099496564637 | ?Spin=0.011414581936670803
After sweep 14 energy=-5.5833616045972905  maxlinkdim=337 maxerr=1.00E-08 time=4.033
Sweep 14 | ?E=0.00012243168600800658 | ?Spin=0.010871532777219159
After sweep 15 energy=-5.583463345364882  maxlinkdim=334 maxerr=9.97E-09 time=3.947
Sweep 15 | ?E=0.00010174076759117412 | ?Spin=0.010306300981679353
After sweep 16 energy=-5.58355055447429  maxlinkdim=334 maxerr=1.00E-08 time=3.790
Sweep 16 | ?E=8.72091094086258e-5 | ?Spin=0.01031342285007962
After sweep 17 energy=-5.5836218039663  maxlinkdim=334 maxerr=9.99E-09 time=3.659
Sweep 17 | ?E=7.124949200942865e-5 | ?Spin=0.009519201031236324
After sweep 18 energy=-5.583680561688292  maxlinkdim=331 maxerr=9.94E-09 time=3.606
Sweep 18 | ?E=5.875772199193108e-5 | ?Spin=0.008930508873449955
After sweep 19 energy=-5.58373093061319  maxlinkdim=329 maxerr=9.99E-09 time=3.534
Sweep 19 | ?E=5.036892489851397e-5 | ?Spin=0.008628263610595877
After sweep 20 energy=-5.583772640275008  maxlinkdim=326 maxerr=9.99E-09 time=3.491
Sweep 20 | ?E=4.170966181771263e-5 | ?Spin=0.007607007799327886
After sweep 21 energy=-5.583804046443049  maxlinkdim=322 maxerr=9.98E-09 time=3.406
Sweep 21 | ?E=3.1406168041314686e-5 | ?Spin=0.006373600783900897
After sweep 22 energy=-5.583829365063963  maxlinkdim=322 maxerr=9.97E-09 time=3.830
Sweep 22 | ?E=2.5318620913594714e-5 | ?Spin=0.005813553508596102
After sweep 23 energy=-5.583849706456103  maxlinkdim=321 maxerr=1.00E-08 time=3.186
Sweep 23 | ?E=2.034139214046604e-5 | ?Spin=0.0050998277822096585
After sweep 24 energy=-5.583866274618875  maxlinkdim=321 maxerr=1.00E-08 time=3.177
Sweep 24 | ?E=1.6568162771513073e-5 | ?Spin=0.0045011749567374915
After sweep 25 energy=-5.58387960552001  maxlinkdim=321 maxerr=9.97E-09 time=3.117
Sweep 25 | ?E=1.3330901134978035e-5 | ?Spin=0.004065489333477872
After sweep 26 energy=-5.583890871015934  maxlinkdim=320 maxerr=9.99E-09 time=3.166
Sweep 26 | ?E=1.126549592456172e-5 | ?Spin=0.003840192657919645
After sweep 27 energy=-5.583900223217544  maxlinkdim=319 maxerr=9.99E-09 time=3.051
Sweep 27 | ?E=9.35220160958039e-6 | ?Spin=0.0036529126966276006
After sweep 28 energy=-5.583908078856784  maxlinkdim=318 maxerr=9.97E-09 time=3.044
Sweep 28 | ?E=7.855639240439416e-6 | ?Spin=0.003338270844489871
After sweep 29 energy=-5.58391455445566  maxlinkdim=317 maxerr=9.99E-09 time=3.050
Sweep 29 | ?E=6.47559887578808e-6 | ?Spin=0.0028316555947634266
After sweep 30 energy=-5.583919955322175  maxlinkdim=315 maxerr=1.00E-08 time=3.068
Sweep 30 | ?E=5.4008665149041235e-6 | ?Spin=0.002285458153487645
After sweep 31 energy=-5.583924520944792  maxlinkdim=312 maxerr=9.96E-09 time=3.002
Sweep 31 | ?E=4.565622616858889e-6 | ?Spin=0.0018949937093796047
After sweep 32 energy=-5.583928347320351  maxlinkdim=310 maxerr=9.99E-09 time=2.972
Sweep 32 | ?E=3.826375559512485e-6 | ?Spin=0.001536487523741423
After sweep 33 energy=-5.583931645548692  maxlinkdim=309 maxerr=1.00E-08 time=2.944
Sweep 33 | ?E=3.2982283402205326e-6 | ?Spin=0.0012673422028926145
After sweep 34 energy=-5.5839344730704035  maxlinkdim=310 maxerr=9.95E-09 time=2.917
Sweep 34 | ?E=2.827521711878944e-6 | ?Spin=0.0010377474182100075
After sweep 35 energy=-5.5839368951240145  maxlinkdim=306 maxerr=9.95E-09 time=2.972
Sweep 35 | ?E=2.4220536110064472e-6 | ?Spin=0.0008758421923392284
After sweep 36 energy=-5.58393892655637  maxlinkdim=305 maxerr=9.96E-09 time=2.894
Sweep 36 | ?E=2.0314323556647196e-6 | ?Spin=0.0006835506530526226
After sweep 37 energy=-5.583940712793694  maxlinkdim=303 maxerr=9.99E-09 time=2.822
Sweep 37 | ?E=1.786237324274964e-6 | ?Spin=0.0005953627700066941
After sweep 38 energy=-5.583942247033879  maxlinkdim=302 maxerr=1.00E-08 time=2.806
Sweep 38 | ?E=1.534240184675184e-6 | ?Spin=0.0005136314443471221
After sweep 39 energy=-5.583943562930277  maxlinkdim=301 maxerr=9.90E-09 time=2.829
Sweep 39 | ?E=1.3158963980686167e-6 | ?Spin=0.0004363577499250093
After sweep 40 energy=-5.58394470205349  maxlinkdim=300 maxerr=9.95E-09 time=2.789
Sweep 40 | ?E=1.139123212645643e-6 | ?Spin=0.0003730242679328033
After sweep 41 energy=-5.5839457181699625  maxlinkdim=298 maxerr=9.97E-09 time=2.807
Sweep 41 | ?E=1.0161164727406913e-6 | ?Spin=0.00031795849730345506
After sweep 42 energy=-5.5839466084154035  maxlinkdim=297 maxerr=9.99E-09 time=2.797
Sweep 42 | ?E=8.902454409209781e-7 | ?Spin=0.00028229549483703453
After sweep 43 energy=-5.5839473940366515  maxlinkdim=295 maxerr=1.00E-08 time=2.765
Sweep 43 | ?E=7.856212480561453e-7 | ?Spin=0.00023475204185216883
After sweep 44 energy=-5.58394808913104  maxlinkdim=294 maxerr=9.99E-09 time=2.735
Sweep 44 | ?E=6.950943882699789e-7 | ?Spin=0.0001962437792791885
After sweep 45 energy=-5.583948696712442  maxlinkdim=291 maxerr=9.98E-09 time=2.681
Sweep 45 | ?E=6.075814020789494e-7 | ?Spin=0.00017213972877442446
After sweep 46 energy=-5.583949236976789  maxlinkdim=289 maxerr=9.99E-09 time=2.666
Sweep 46 | ?E=5.402643470375779e-7 | ?Spin=0.00015405176632100198
After sweep 47 energy=-5.583949738772681  maxlinkdim=289 maxerr=9.99E-09 time=2.623
Sweep 47 | ?E=5.017958919495413e-7 | ?Spin=0.00014205243218127513
After sweep 48 energy=-5.583950196220284  maxlinkdim=290 maxerr=9.99E-09 time=2.585
Sweep 48 | ?E=4.574476033525343e-7 | ?Spin=0.00017068956790831577
After sweep 49 energy=-5.583950594754521  maxlinkdim=290 maxerr=9.98E-09 time=2.585
Sweep 49 | ?E=3.985342367229805e-7 | ?Spin=0.00014604200144382323
After sweep 50 energy=-5.583950962854323  maxlinkdim=289 maxerr=9.99E-09 time=2.570
Sweep 50 | ?E=3.680998021948767e-7 | ?Spin=0.00012606193474333852
After sweep 51 energy=-5.583951292463558  maxlinkdim=289 maxerr=9.98E-09 time=2.539
Sweep 51 | ?E=3.296092350169033e-7 | ?Spin=0.00011045844894242568
After sweep 52 energy=-5.583951593258484  maxlinkdim=289 maxerr=9.98E-09 time=2.559
Sweep 52 | ?E=3.007949258559961e-7 | ?Spin=9.761826801928108e-5
After sweep 53 energy=-5.583951866010239  maxlinkdim=289 maxerr=9.96E-09 time=3.087
Sweep 53 | ?E=2.72751755403533e-7 | ?Spin=8.746170866633096e-5
After sweep 54 energy=-5.583952118672609  maxlinkdim=289 maxerr=9.99E-09 time=2.486
Sweep 54 | ?E=2.526623692489238e-7 | ?Spin=7.887180662371389e-5
After sweep 55 energy=-5.583952348336291  maxlinkdim=289 maxerr=9.95E-09 time=2.485
Sweep 55 | ?E=2.2966368273813487e-7 | ?Spin=7.131188674962914e-5
After sweep 56 energy=-5.583952562361681  maxlinkdim=289 maxerr=9.93E-09 time=2.465
Sweep 56 | ?E=2.1402538941117655e-7 | ?Spin=6.430908939263763e-5
After sweep 57 energy=-5.583952756064922  maxlinkdim=289 maxerr=9.98E-09 time=2.467
Sweep 57 | ?E=1.937032410026518e-7 | ?Spin=5.836605425614538e-5
After sweep 58 energy=-5.583952930540474  maxlinkdim=289 maxerr=9.98E-09 time=2.448
Sweep 58 | ?E=1.7447555222815936e-7 | ?Spin=5.307424560589691e-5
After sweep 59 energy=-5.583953089483016  maxlinkdim=289 maxerr=9.97E-09 time=2.436
Sweep 59 | ?E=1.5894254179471545e-7 | ?Spin=4.8460881488018165e-5
After sweep 60 energy=-5.583953242611436  maxlinkdim=289 maxerr=9.93E-09 time=2.464
Sweep 60 | ?E=1.531284201661265e-7 | ?Spin=4.448964415316992e-5

=== FIRST ORTHOGONAL STATE ===
E1      = -5.583953242611436
var1    = 2.1924265922734776e-6
maxdim1 = 289
gap01   = -2.0366024521933923e-5
|<0|1>| = 1.5919822041274984e-7
PWD = /home/marcins
Script dir = /home/marcins/KitaevHoneycomb/scripts
Writing to = results/5x3_PBC=false_Jx=-1.0_Jy=-1.0_Jz=-1.0/Savrg_theta=1.5707963267948966_phi=0.0_15
