nohup: ignoring input
Nbonds = 37
Nsites = 30
xx: 1 <-> 2
yy: 2 <-> 12
zz: 2 <-> 3
xx: 3 <-> 4
yy: 4 <-> 10
zz: 4 <-> 5
xx: 5 <-> 6
yy: 6 <-> 8
xx: 12 <-> 11
yy: 11 <-> 13
zz: 11 <-> 10
xx: 10 <-> 9
yy: 9 <-> 15
zz: 9 <-> 8
xx: 8 <-> 7
yy: 7 <-> 17
xx: 13 <-> 14
yy: 14 <-> 24
zz: 14 <-> 15
xx: 15 <-> 16
yy: 16 <-> 22
zz: 16 <-> 17
xx: 17 <-> 18
yy: 18 <-> 20
xx: 24 <-> 23
yy: 23 <-> 25
zz: 23 <-> 22
xx: 22 <-> 21
yy: 21 <-> 27
zz: 21 <-> 20
xx: 20 <-> 19
yy: 19 <-> 29
xx: 25 <-> 26
zz: 26 <-> 27
xx: 27 <-> 28
zz: 28 <-> 29
xx: 29 <-> 30
column x = 1
cell (1,1): A=1  B=2
cell (1,2): A=3  B=4
cell (1,3): A=5  B=6

column x = 2
cell (2,1): A=12  B=11
cell (2,2): A=10  B=9
cell (2,3): A=8  B=7

column x = 3
cell (3,1): A=13  B=14
cell (3,2): A=15  B=16
cell (3,3): A=17  B=18

column x = 4
cell (4,1): A=24  B=23
cell (4,2): A=22  B=21
cell (4,3): A=20  B=19

column x = 5
cell (5,1): A=25  B=26
cell (5,2): A=27  B=28
cell (5,3): A=29  B=30


xx
count = 15
min   = 1
max   = 1

yy
count = 12
min   = 2
max   = 10

zz
count = 10
min   = 1
max   = 1
After sweep 1 energy=-5.4852996  maxlinkdim=50 maxerr=2.88E-05 time=45.933
Sweep 1 | ?E=1.0000000054852996e9 | ?Spin=Inf
After sweep 2 energy=-5.5101547  maxlinkdim=100 maxerr=1.62E-05 time=0.616
Sweep 2 | ?E=0.02485513687133789 | ?Spin=0.13498033583164215
After sweep 3 energy=-5.5270214  maxlinkdim=150 maxerr=5.95E-06 time=0.666
Sweep 3 | ?E=0.016866683959960938 | ?Spin=0.19357891753315926
After sweep 4 energy=-5.534672  maxlinkdim=200 maxerr=1.30E-06 time=0.688
Sweep 4 | ?E=0.0076503753662109375 | ?Spin=0.19325631111860275
After sweep 5 energy=-5.5375943  maxlinkdim=300 maxerr=4.07E-08 time=0.713
Sweep 5 | ?E=0.002922534942626953 | ?Spin=0.06816011853516102
After sweep 6 energy=-5.538874  maxlinkdim=360 maxerr=9.99E-09 time=0.694
Sweep 6 | ?E=0.0012798309326171875 | ?Spin=0.03658744599670172
After sweep 7 energy=-5.539599  maxlinkdim=349 maxerr=9.95E-09 time=0.694
Sweep 7 | ?E=0.00072479248046875 | ?Spin=0.026707266457378864
After sweep 8 energy=-5.5399594  maxlinkdim=334 maxerr=9.99E-09 time=0.692
Sweep 8 | ?E=0.0003604888916015625 | ?Spin=0.015124898287467659
After sweep 9 energy=-5.540211  maxlinkdim=330 maxerr=9.90E-09 time=0.690
Sweep 9 | ?E=0.00025177001953125 | ?Spin=0.009024470287840813
After sweep 10 energy=-5.5404024  maxlinkdim=318 maxerr=9.99E-09 time=0.665
Sweep 10 | ?E=0.00019121170043945312 | ?Spin=0.004833612299989909
After sweep 11 energy=-5.540569  maxlinkdim=308 maxerr=1.00E-08 time=0.682
Sweep 11 | ?E=0.00016641616821289062 | ?Spin=0.004264909774065018
After sweep 12 energy=-5.540684  maxlinkdim=303 maxerr=9.99E-09 time=0.689
Sweep 12 | ?E=0.00011539459228515625 | ?Spin=0.0042667873203754425
After sweep 13 energy=-5.5407953  maxlinkdim=305 maxerr=5.32E-08 time=1.020
Sweep 13 | ?E=0.00011110305786132812 | ?Spin=0.0041094496846199036
After sweep 14 energy=-5.540875  maxlinkdim=297 maxerr=1.17E-07 time=0.656
Sweep 14 | ?E=7.963180541992188e-5 | ?Spin=0.004040747880935669
After sweep 15 energy=-5.540927  maxlinkdim=299 maxerr=6.33E-08 time=0.622
Sweep 15 | ?E=5.1975250244140625e-5 | ?Spin=0.003412974998354912
After sweep 16 energy=-5.5409894  maxlinkdim=296 maxerr=8.50E-08 time=0.618
Sweep 16 | ?E=6.246566772460938e-5 | ?Spin=0.0030016154050827026
After sweep 17 energy=-5.5410223  maxlinkdim=294 maxerr=1.17E-07 time=0.649
Sweep 17 | ?E=3.2901763916015625e-5 | ?Spin=0.0028853658586740494
After sweep 18 energy=-5.5410633  maxlinkdim=297 maxerr=5.78E-08 time=0.636
Sweep 18 | ?E=4.100799560546875e-5 | ?Spin=0.002639859914779663
After sweep 19 energy=-5.5410714  maxlinkdim=295 maxerr=1.23E-07 time=0.639
Sweep 19 | ?E=8.106231689453125e-6 | ?Spin=0.0023920591920614243
After sweep 20 energy=-5.5411005  maxlinkdim=287 maxerr=8.67E-08 time=0.668
Sweep 20 | ?E=2.9087066650390625e-5 | ?Spin=0.0020444784313440323
After sweep 21 energy=-5.541112  maxlinkdim=290 maxerr=9.38E-08 time=0.632
Sweep 21 | ?E=1.1444091796875e-5 | ?Spin=0.001869039610028267
After sweep 22 energy=-5.541133  maxlinkdim=290 maxerr=5.59E-08 time=0.625
Sweep 22 | ?E=2.09808349609375e-5 | ?Spin=0.0016168467700481415
After sweep 23 energy=-5.541126  maxlinkdim=288 maxerr=1.33E-07 time=0.629
Sweep 23 | ?E=7.152557373046875e-6 | ?Spin=0.0015118177980184555
After sweep 24 energy=-5.5411563  maxlinkdim=287 maxerr=9.32E-08 time=0.631
Sweep 24 | ?E=3.0517578125e-5 | ?Spin=0.0013233944773674011
After sweep 25 energy=-5.5411506  maxlinkdim=290 maxerr=1.17E-07 time=0.636
Sweep 25 | ?E=5.7220458984375e-6 | ?Spin=0.0012486018240451813
After sweep 26 energy=-5.5411515  maxlinkdim=290 maxerr=8.06E-08 time=0.632
Sweep 26 | ?E=9.5367431640625e-7 | ?Spin=0.0011460725218057632
After sweep 27 energy=-5.5411615  maxlinkdim=286 maxerr=8.48E-08 time=0.658
Sweep 27 | ?E=1.0013580322265625e-5 | ?Spin=0.0010481253266334534
After sweep 28 energy=-5.5411673  maxlinkdim=288 maxerr=1.23E-07 time=0.635
Sweep 28 | ?E=5.7220458984375e-6 | ?Spin=0.0009775357320904732
After sweep 29 energy=-5.5411687  maxlinkdim=285 maxerr=6.46E-08 time=0.636
Sweep 29 | ?E=1.430511474609375e-6 | ?Spin=0.0008453801274299622
After sweep 30 energy=-5.541176  maxlinkdim=288 maxerr=6.37E-08 time=0.629
Sweep 30 | ?E=7.152557373046875e-6 | ?Spin=0.0008164122700691223
After sweep 31 energy=-5.5411735  maxlinkdim=284 maxerr=4.77E-08 time=0.656
Sweep 31 | ?E=2.384185791015625e-6 | ?Spin=0.0008597820997238159
After sweep 32 energy=-5.541174  maxlinkdim=284 maxerr=7.95E-08 time=0.634
Sweep 32 | ?E=4.76837158203125e-7 | ?Spin=0.0008576288819313049
After sweep 33 energy=-5.5411677  maxlinkdim=283 maxerr=1.01E-07 time=0.636
Sweep 33 | ?E=6.198883056640625e-6 | ?Spin=0.0008710324764251709
After sweep 34 energy=-5.541183  maxlinkdim=282 maxerr=6.40E-08 time=0.656
Sweep 34 | ?E=1.52587890625e-5 | ?Spin=0.0008784830570220947
After sweep 35 energy=-5.5411916  maxlinkdim=283 maxerr=6.18E-08 time=0.727
Sweep 35 | ?E=8.58306884765625e-6 | ?Spin=0.000920027494430542
After sweep 36 energy=-5.541182  maxlinkdim=285 maxerr=9.92E-08 time=0.663
Sweep 36 | ?E=9.5367431640625e-6 | ?Spin=0.0008911192417144775
After sweep 37 energy=-5.5411806  maxlinkdim=286 maxerr=9.87E-08 time=0.659
Sweep 37 | ?E=1.430511474609375e-6 | ?Spin=0.0008949488401412964
After sweep 38 energy=-5.5411944  maxlinkdim=286 maxerr=5.66E-08 time=0.652
Sweep 38 | ?E=1.3828277587890625e-5 | ?Spin=0.0008674487471580505
After sweep 39 energy=-5.541191  maxlinkdim=282 maxerr=5.93E-08 time=0.655
Sweep 39 | ?E=3.337860107421875e-6 | ?Spin=0.0008596330881118774
After sweep 40 energy=-5.5411925  maxlinkdim=287 maxerr=1.45E-07 time=0.647
Sweep 40 | ?E=1.430511474609375e-6 | ?Spin=0.0009380131959915161
After sweep 41 energy=-5.541206  maxlinkdim=286 maxerr=6.70E-08 time=0.654
Sweep 41 | ?E=1.33514404296875e-5 | ?Spin=0.0008456334471702576
After sweep 42 energy=-5.5412  maxlinkdim=287 maxerr=9.39E-08 time=0.655
Sweep 42 | ?E=5.7220458984375e-6 | ?Spin=0.0008454248309135437
After sweep 43 energy=-5.5412073  maxlinkdim=283 maxerr=7.82E-08 time=0.664
Sweep 43 | ?E=7.152557373046875e-6 | ?Spin=0.0008751079440116882
After sweep 44 energy=-5.5412035  maxlinkdim=283 maxerr=7.43E-08 time=0.707
Sweep 44 | ?E=3.814697265625e-6 | ?Spin=0.0008322149515151978
After sweep 45 energy=-5.5412116  maxlinkdim=282 maxerr=9.22E-08 time=0.711
Sweep 45 | ?E=8.106231689453125e-6 | ?Spin=0.0008121281862258911
After sweep 46 energy=-5.5412045  maxlinkdim=285 maxerr=1.04E-07 time=0.692
Sweep 46 | ?E=7.152557373046875e-6 | ?Spin=0.0008249655365943909
After sweep 47 energy=-5.5412025  maxlinkdim=280 maxerr=1.06E-07 time=0.648
Sweep 47 | ?E=1.9073486328125e-6 | ?Spin=0.0008578896522521973
After sweep 48 energy=-5.5412126  maxlinkdim=282 maxerr=9.81E-08 time=0.653
Sweep 48 | ?E=1.0013580322265625e-5 | ?Spin=0.0008149370551109314
After sweep 49 energy=-5.541215  maxlinkdim=283 maxerr=7.32E-08 time=0.639
Sweep 49 | ?E=2.384185791015625e-6 | ?Spin=0.0007895231246948242
After sweep 50 energy=-5.5412087  maxlinkdim=280 maxerr=1.00E-07 time=0.640
Sweep 50 | ?E=6.198883056640625e-6 | ?Spin=0.0008012577891349792
After sweep 51 energy=-5.5412135  maxlinkdim=283 maxerr=8.60E-08 time=0.633
Sweep 51 | ?E=4.76837158203125e-6 | ?Spin=0.0007328316569328308
After sweep 52 energy=-5.5412116  maxlinkdim=282 maxerr=7.63E-08 time=0.641
Sweep 52 | ?E=1.9073486328125e-6 | ?Spin=0.0007630586624145508
After sweep 53 energy=-5.541209  maxlinkdim=281 maxerr=7.21E-08 time=0.680
Sweep 53 | ?E=2.384185791015625e-6 | ?Spin=0.000725090503692627
After sweep 54 energy=-5.541218  maxlinkdim=284 maxerr=5.10E-08 time=0.639
Sweep 54 | ?E=8.58306884765625e-6 | ?Spin=0.0007521659135818481
After sweep 55 energy=-5.541205  maxlinkdim=284 maxerr=7.93E-08 time=0.638
Sweep 55 | ?E=1.2874603271484375e-5 | ?Spin=0.0007521733641624451
After sweep 56 energy=-5.541221  maxlinkdim=282 maxerr=2.93E-08 time=0.647
Sweep 56 | ?E=1.621246337890625e-5 | ?Spin=0.0007469058036804199
After sweep 57 energy=-5.5412254  maxlinkdim=280 maxerr=9.99E-09 time=0.662
Sweep 57 | ?E=4.291534423828125e-6 | ?Spin=0.0007409378886222839
After sweep 58 energy=-5.5412216  maxlinkdim=280 maxerr=6.93E-08 time=0.676
Sweep 58 | ?E=3.814697265625e-6 | ?Spin=0.0007319375872612
After sweep 59 energy=-5.5412235  maxlinkdim=279 maxerr=9.94E-08 time=0.645
Sweep 59 | ?E=1.9073486328125e-6 | ?Spin=0.000707969069480896
After sweep 60 energy=-5.5412126  maxlinkdim=279 maxerr=7.00E-08 time=0.651
Sweep 60 | ?E=1.0967254638671875e-5 | ?Spin=0.0007024705410003662

=== GROUND STATE ===
E0      = -5.5412126
var0    = 0.00011062622
maxdim0 = 279
After sweep 1 energy=-5.483459832861128  maxlinkdim=50 maxerr=3.73E-05 time=52.615
Sweep 1 | ?E=1.0000000054834598e9 | ?Spin=Inf
After sweep 2 energy=-5.510337151260559  maxlinkdim=100 maxerr=1.52E-05 time=1.272
Sweep 2 | ?E=0.026877318399430195 | ?Spin=0.20727563215327713
After sweep 3 energy=-5.527854206772828  maxlinkdim=150 maxerr=5.02E-06 time=1.744
Sweep 3 | ?E=0.01751705551226923 | ?Spin=0.2734524797809333
After sweep 4 energy=-5.535075206060045  maxlinkdim=200 maxerr=1.47E-06 time=2.322
Sweep 4 | ?E=0.007220999287217644 | ?Spin=0.16937242336008412
After sweep 5 energy=-5.537965791932695  maxlinkdim=300 maxerr=6.17E-08 time=3.336
Sweep 5 | ?E=0.002890585872649787 | ?Spin=0.0940123264418326
After sweep 6 energy=-5.5392060042678475  maxlinkdim=361 maxerr=9.98E-09 time=3.924
Sweep 6 | ?E=0.0012402123351522576 | ?Spin=0.05960941608545105
After sweep 7 energy=-5.539760956159937  maxlinkdim=358 maxerr=1.00E-08 time=3.905
Sweep 7 | ?E=0.0005549518920897611 | ?Spin=0.03286018213474642
After sweep 8 energy=-5.540096409372153  maxlinkdim=353 maxerr=9.96E-09 time=3.781
Sweep 8 | ?E=0.0003354532122159526 | ?Spin=0.018996743867593112
After sweep 9 energy=-5.540324252278807  maxlinkdim=345 maxerr=9.99E-09 time=3.698
Sweep 9 | ?E=0.00022784290665356366 | ?Spin=0.011975294613033968
After sweep 10 energy=-5.5404904826171775  maxlinkdim=344 maxerr=9.99E-09 time=3.532
Sweep 10 | ?E=0.00016623033837070977 | ?Spin=0.006830562694406979
After sweep 11 energy=-5.540622657573953  maxlinkdim=354 maxerr=9.95E-09 time=3.539
Sweep 11 | ?E=0.0001321749567750885 | ?Spin=0.004445120685926964
After sweep 12 energy=-5.540722978401082  maxlinkdim=351 maxerr=9.99E-09 time=3.468
Sweep 12 | ?E=0.00010032082712907453 | ?Spin=0.0028429418529931742
After sweep 13 energy=-5.5408093116157415  maxlinkdim=349 maxerr=9.98E-09 time=2.885
Sweep 13 | ?E=8.633321465989496e-5 | ?Spin=0.0029644759002102235
After sweep 14 energy=-5.540882074026988  maxlinkdim=344 maxerr=9.98E-09 time=2.883
Sweep 14 | ?E=7.276241124642979e-5 | ?Spin=0.002836785508735524
After sweep 15 energy=-5.540931615424592  maxlinkdim=344 maxerr=9.99E-09 time=2.837
Sweep 15 | ?E=4.954139760382503e-5 | ?Spin=0.0021759071605402143
After sweep 16 energy=-5.5409724684158626  maxlinkdim=342 maxerr=9.96E-09 time=2.786
Sweep 16 | ?E=4.08529912707678e-5 | ?Spin=0.0021226480608058373
After sweep 17 energy=-5.5410061095409135  maxlinkdim=339 maxerr=9.97E-09 time=2.774
Sweep 17 | ?E=3.3641125050998255e-5 | ?Spin=0.0020249107568650337
After sweep 18 energy=-5.541036220529782  maxlinkdim=337 maxerr=9.96E-09 time=2.793
Sweep 18 | ?E=3.011098886851471e-5 | ?Spin=0.0020074289008010504
After sweep 19 energy=-5.541061706981411  maxlinkdim=339 maxerr=9.97E-09 time=2.811
Sweep 19 | ?E=2.5486451629141982e-5 | ?Spin=0.0019164029937795493
After sweep 20 energy=-5.54108331912312  maxlinkdim=342 maxerr=9.92E-09 time=2.851
Sweep 20 | ?E=2.1612141709148602e-5 | ?Spin=0.001817691231541952
After sweep 21 energy=-5.5411005887296545  maxlinkdim=343 maxerr=9.98E-09 time=2.854
Sweep 21 | ?E=1.7269606534142667e-5 | ?Spin=0.0015871903882516986
After sweep 22 energy=-5.541114384862346  maxlinkdim=347 maxerr=1.00E-08 time=2.851
Sweep 22 | ?E=1.3796132691368257e-5 | ?Spin=0.001371365644804154
After sweep 23 energy=-5.541126110730222  maxlinkdim=347 maxerr=9.99E-09 time=2.866
Sweep 23 | ?E=1.172586787578922e-5 | ?Spin=0.0012735543573961419
After sweep 24 energy=-5.541135636951329  maxlinkdim=348 maxerr=9.98E-09 time=2.850
Sweep 24 | ?E=9.52622110705903e-6 | ?Spin=0.0011321623605634549
After sweep 25 energy=-5.5411445192122795  maxlinkdim=351 maxerr=9.98E-09 time=2.880
Sweep 25 | ?E=8.882260950748844e-6 | ?Spin=0.0010742801684098281
After sweep 26 energy=-5.54115216696948  maxlinkdim=352 maxerr=9.99E-09 time=2.924
Sweep 26 | ?E=7.647757200857086e-6 | ?Spin=0.0010829400695343966
After sweep 27 energy=-5.5411584852553935  maxlinkdim=353 maxerr=9.97E-09 time=2.912
Sweep 27 | ?E=6.3182859131316604e-6 | ?Spin=0.0010967012589297581
After sweep 28 energy=-5.541164289747978  maxlinkdim=353 maxerr=9.98E-09 time=2.925
Sweep 28 | ?E=5.804492584360332e-6 | ?Spin=0.0011951600452844852
After sweep 29 energy=-5.541169500434084  maxlinkdim=355 maxerr=9.97E-09 time=2.934
Sweep 29 | ?E=5.210686106593698e-6 | ?Spin=0.0012354831914870579
After sweep 30 energy=-5.541174177160896  maxlinkdim=353 maxerr=1.00E-08 time=2.973
Sweep 30 | ?E=4.676726812036236e-6 | ?Spin=0.001266241888039199
After sweep 31 energy=-5.541179915937704  maxlinkdim=349 maxerr=9.97E-09 time=3.064
Sweep 31 | ?E=5.738776807540091e-6 | ?Spin=0.00170294195552953
After sweep 32 energy=-5.541184472999488  maxlinkdim=349 maxerr=9.98E-09 time=2.981
Sweep 32 | ?E=4.557061783927452e-6 | ?Spin=0.001562724588377154
After sweep 33 energy=-5.541188459048436  maxlinkdim=349 maxerr=9.98E-09 time=2.976
Sweep 33 | ?E=3.986048947801635e-6 | ?Spin=0.0015525457505902451
After sweep 34 energy=-5.541192214386376  maxlinkdim=350 maxerr=9.98E-09 time=2.968
Sweep 34 | ?E=3.7553379401700226e-6 | ?Spin=0.0016262274095421025
After sweep 35 energy=-5.541195621519326  maxlinkdim=351 maxerr=9.99E-09 time=2.979
Sweep 35 | ?E=3.407132949995173e-6 | ?Spin=0.0016220377868662733
After sweep 36 energy=-5.541198765708021  maxlinkdim=351 maxerr=9.98E-09 time=2.984
Sweep 36 | ?E=3.1441886951810716e-6 | ?Spin=0.001638388808735819
After sweep 37 energy=-5.541201721263411  maxlinkdim=352 maxerr=1.00E-08 time=3.011
Sweep 37 | ?E=2.955555389760889e-6 | ?Spin=0.0016738648427826186
After sweep 38 energy=-5.541204489089027  maxlinkdim=352 maxerr=9.99E-09 time=2.983
Sweep 38 | ?E=2.767825615812569e-6 | ?Spin=0.0016975327349494085
After sweep 39 energy=-5.541207094542572  maxlinkdim=353 maxerr=1.00E-08 time=3.028
Sweep 39 | ?E=2.605453545356795e-6 | ?Spin=0.0017197948832669702
After sweep 40 energy=-5.541209559360802  maxlinkdim=354 maxerr=9.98E-09 time=3.011
Sweep 40 | ?E=2.4648182304076727e-6 | ?Spin=0.001739402209792268
After sweep 41 energy=-5.5412118936922194  maxlinkdim=354 maxerr=9.98E-09 time=3.025
Sweep 41 | ?E=2.3343314170531926e-6 | ?Spin=0.001760465920520704
After sweep 42 energy=-5.5412141156492645  maxlinkdim=354 maxerr=9.98E-09 time=3.035
Sweep 42 | ?E=2.2219570450232595e-6 | ?Spin=0.0017789898822251349
After sweep 43 energy=-5.541216231793036  maxlinkdim=355 maxerr=9.98E-09 time=3.054
Sweep 43 | ?E=2.11614377132463e-6 | ?Spin=0.0017879456957778372
After sweep 44 energy=-5.541218249410794  maxlinkdim=356 maxerr=1.00E-08 time=3.050
Sweep 44 | ?E=2.017617758198753e-6 | ?Spin=0.0017997531625574548
After sweep 45 energy=-5.541220176177555  maxlinkdim=356 maxerr=9.98E-09 time=3.074
Sweep 45 | ?E=1.926766761251031e-6 | ?Spin=0.0018082877338014558
After sweep 46 energy=-5.5412220132260686  maxlinkdim=357 maxerr=9.99E-09 time=3.084
Sweep 46 | ?E=1.8370485133090142e-6 | ?Spin=0.0018111337878320005
After sweep 47 energy=-5.541223778582139  maxlinkdim=357 maxerr=9.98E-09 time=3.079
Sweep 47 | ?E=1.7653560702157733e-6 | ?Spin=0.0018150427269347097
After sweep 48 energy=-5.5412254715036  maxlinkdim=358 maxerr=9.99E-09 time=3.098
Sweep 48 | ?E=1.692921460794139e-6 | ?Spin=0.0018196815716385317
After sweep 49 energy=-5.541227106228091  maxlinkdim=358 maxerr=9.98E-09 time=3.081
Sweep 49 | ?E=1.634724491772488e-6 | ?Spin=0.0018275499531191786
After sweep 50 energy=-5.541228681967307  maxlinkdim=359 maxerr=9.97E-09 time=3.083
Sweep 50 | ?E=1.57573921555354e-6 | ?Spin=0.0018328345215015973
After sweep 51 energy=-5.541230202013453  maxlinkdim=360 maxerr=9.97E-09 time=3.118
Sweep 51 | ?E=1.5200461458420023e-6 | ?Spin=0.0018378620631768067
After sweep 52 energy=-5.541231666377665  maxlinkdim=360 maxerr=1.00E-08 time=3.176
Sweep 52 | ?E=1.4643642121114908e-6 | ?Spin=0.0018364524722241232
After sweep 53 energy=-5.5412330707437  maxlinkdim=361 maxerr=9.98E-09 time=3.192
Sweep 53 | ?E=1.4043660350182563e-6 | ?Spin=0.0018288706612108463
After sweep 54 energy=-5.541234423820123  maxlinkdim=361 maxerr=9.96E-09 time=3.202
Sweep 54 | ?E=1.3530764233493642e-6 | ?Spin=0.0018215913987910531
After sweep 55 energy=-5.5412357195731845  maxlinkdim=361 maxerr=9.98E-09 time=3.243
Sweep 55 | ?E=1.2957530612922596e-6 | ?Spin=0.0018104031165388501
After sweep 56 energy=-5.541236975521093  maxlinkdim=362 maxerr=9.98E-09 time=3.276
Sweep 56 | ?E=1.2559479083407155e-6 | ?Spin=0.0017957560613283546
After sweep 57 energy=-5.541238181169869  maxlinkdim=363 maxerr=9.95E-09 time=3.629
Sweep 57 | ?E=1.205648776370083e-6 | ?Spin=0.0017849452072784544
After sweep 58 energy=-5.541239337258492  maxlinkdim=363 maxerr=9.99E-09 time=3.191
Sweep 58 | ?E=1.1560886230554956e-6 | ?Spin=0.0017762172276390986
After sweep 59 energy=-5.54124044796865  maxlinkdim=363 maxerr=9.99E-09 time=3.183
Sweep 59 | ?E=1.1107101576257605e-6 | ?Spin=0.0017565020048774527
After sweep 60 energy=-5.541241522772323  maxlinkdim=364 maxerr=9.96E-09 time=3.195
Sweep 60 | ?E=1.0748036727292742e-6 | ?Spin=0.0017399605565137505

=== FIRST ORTHOGONAL STATE ===
E1      = -5.541241522772323
var1    = 1.6510763813926133e-6
maxdim1 = 364
gap01   = -2.8964025984734576e-5
|<0|1>| = 1.3732169894947743e-7
PWD = /home/marcins
Script dir = /home/marcins/KitaevHoneycomb/scripts
Writing to = results/5x3_PBC=false_Jx=-1.0_Jy=-1.0_Jz=-1.0/Savrg_theta=0.0_phi=0.0_15
