nohup: ignoring input
Nbonds = 51
Nsites = 40

xx
count = 20
min   = 1
max   = 1

yy
count = 16
min   = 2
max   = 14

zz
count = 15
min   = 1
max   = 1
After sweep 1 energy=-8.239411  maxlinkdim=50 maxerr=2.06E-04 time=78.855
Sweep 1 | ?E=1.0000000082394114e9 | ?Spin=Inf
After sweep 2 energy=-8.328136  maxlinkdim=100 maxerr=5.70E-05 time=0.946
Sweep 2 | ?E=0.08872509002685547 | ?Spin=0.15299416705965996
After sweep 3 energy=-8.353733  maxlinkdim=150 maxerr=5.75E-05 time=1.125
Sweep 3 | ?E=0.02559661865234375 | ?Spin=0.1385679729282856
After sweep 4 energy=-8.378446  maxlinkdim=200 maxerr=8.91E-05 time=1.840
Sweep 4 | ?E=0.024712562561035156 | ?Spin=0.1525563122704625
After sweep 5 energy=-8.394174  maxlinkdim=300 maxerr=2.97E-05 time=1.285
Sweep 5 | ?E=0.015727996826171875 | ?Spin=0.10693512950092554
After sweep 6 energy=-8.403355  maxlinkdim=400 maxerr=1.60E-05 time=2.089
Sweep 6 | ?E=0.009181022644042969 | ?Spin=0.11041689314879477
After sweep 7 energy=-8.406837  maxlinkdim=500 maxerr=9.09E-06 time=2.044
Sweep 7 | ?E=0.003482818603515625 | ?Spin=0.08390413969755173
After sweep 8 energy=-8.407897  maxlinkdim=700 maxerr=1.92E-06 time=2.835
Sweep 8 | ?E=0.0010595321655273438 | ?Spin=0.025912979152053595
After sweep 9 energy=-8.408419  maxlinkdim=900 maxerr=4.40E-07 time=3.976
Sweep 9 | ?E=0.0005216598510742188 | ?Spin=0.013131981249898672
After sweep 10 energy=-8.408758  maxlinkdim=1200 maxerr=1.72E-08 time=7.076
Sweep 10 | ?E=0.000339508056640625 | ?Spin=0.01029222272336483
After sweep 11 energy=-8.408989  maxlinkdim=1225 maxerr=9.99E-09 time=5.500
Sweep 11 | ?E=0.0002307891845703125 | ?Spin=0.008023485075682402
After sweep 12 energy=-8.4092  maxlinkdim=1208 maxerr=1.00E-08 time=6.178
Sweep 12 | ?E=0.00021076202392578125 | ?Spin=0.007437384454533458
After sweep 13 energy=-8.409373  maxlinkdim=1211 maxerr=4.29E-08 time=4.844
Sweep 13 | ?E=0.0001735687255859375 | ?Spin=0.006883257650770247
After sweep 14 energy=-8.409541  maxlinkdim=1173 maxerr=1.33E-07 time=5.183
Sweep 14 | ?E=0.0001678466796875 | ?Spin=0.007548126683104783
After sweep 15 energy=-8.409689  maxlinkdim=1160 maxerr=4.10E-08 time=4.224
Sweep 15 | ?E=0.00014781951904296875 | ?Spin=0.00802092277444899
After sweep 16 energy=-8.409827  maxlinkdim=1184 maxerr=9.46E-08 time=5.535
Sweep 16 | ?E=0.00013828277587890625 | ?Spin=0.008356467646081
After sweep 17 energy=-8.409908  maxlinkdim=1145 maxerr=6.99E-08 time=4.018
Sweep 17 | ?E=8.106231689453125e-5 | ?Spin=0.00761909963330254
After sweep 18 energy=-8.410003  maxlinkdim=1154 maxerr=9.54E-08 time=5.134
Sweep 18 | ?E=9.441375732421875e-5 | ?Spin=0.007436846412019804
After sweep 19 energy=-8.410083  maxlinkdim=1198 maxerr=5.62E-08 time=4.132
Sweep 19 | ?E=8.0108642578125e-5 | ?Spin=0.007172178375185467
After sweep 20 energy=-8.410113  maxlinkdim=1213 maxerr=9.17E-08 time=4.964
Sweep 20 | ?E=3.0517578125e-5 | ?Spin=0.0062085672543616965
After sweep 21 energy=-8.410172  maxlinkdim=1181 maxerr=7.04E-08 time=4.068
Sweep 21 | ?E=5.91278076171875e-5 | ?Spin=0.006288520628004335
After sweep 22 energy=-8.41022  maxlinkdim=1182 maxerr=1.56E-07 time=4.914
Sweep 22 | ?E=4.76837158203125e-5 | ?Spin=0.005590257700532675
After sweep 23 energy=-8.4102335  maxlinkdim=1182 maxerr=9.91E-08 time=4.134
Sweep 23 | ?E=1.33514404296875e-5 | ?Spin=0.004928436122099811
After sweep 24 energy=-8.410266  maxlinkdim=1184 maxerr=2.82E-08 time=5.129
Sweep 24 | ?E=3.24249267578125e-5 | ?Spin=0.004390804350805411
After sweep 25 energy=-8.410289  maxlinkdim=1197 maxerr=3.79E-08 time=4.179
Sweep 25 | ?E=2.288818359375e-5 | ?Spin=0.003996785638378242
After sweep 26 energy=-8.410304  maxlinkdim=1183 maxerr=9.51E-08 time=5.038
Sweep 26 | ?E=1.52587890625e-5 | ?Spin=0.0038728464423911646
After sweep 27 energy=-8.41033  maxlinkdim=1185 maxerr=9.98E-08 time=4.190
Sweep 27 | ?E=2.574920654296875e-5 | ?Spin=0.003576553801394766
After sweep 28 energy=-8.410346  maxlinkdim=1184 maxerr=9.29E-08 time=5.954
Sweep 28 | ?E=1.621246337890625e-5 | ?Spin=0.0031069350507095805
After sweep 29 energy=-8.410349  maxlinkdim=1168 maxerr=5.23E-08 time=4.278
Sweep 29 | ?E=2.86102294921875e-6 | ?Spin=0.003019509301338985
After sweep 30 energy=-8.410357  maxlinkdim=1174 maxerr=3.08E-08 time=4.829
Sweep 30 | ?E=8.58306884765625e-6 | ?Spin=0.002736497590831277
After sweep 31 energy=-8.41036  maxlinkdim=1170 maxerr=3.31E-08 time=5.294
Sweep 31 | ?E=2.86102294921875e-6 | ?Spin=0.002443652365855087
After sweep 32 energy=-8.41038  maxlinkdim=1168 maxerr=5.79E-08 time=4.618
Sweep 32 | ?E=2.002716064453125e-5 | ?Spin=0.0021759501887572696
After sweep 33 energy=-8.410389  maxlinkdim=1164 maxerr=1.09E-07 time=6.225
Sweep 33 | ?E=8.58306884765625e-6 | ?Spin=0.0019383979724238998
After sweep 34 energy=-8.410376  maxlinkdim=1169 maxerr=4.58E-08 time=3.939
Sweep 34 | ?E=1.33514404296875e-5 | ?Spin=0.0017865899953903863
After sweep 35 energy=-8.410407  maxlinkdim=1168 maxerr=8.31E-08 time=4.665
Sweep 35 | ?E=3.147125244140625e-5 | ?Spin=0.0015423479690070963
After sweep 36 energy=-8.410394  maxlinkdim=1159 maxerr=1.87E-07 time=5.433
Sweep 36 | ?E=1.33514404296875e-5 | ?Spin=0.0014373565193182003
After sweep 37 energy=-8.410395  maxlinkdim=1141 maxerr=1.11E-07 time=4.086
Sweep 37 | ?E=9.5367431640625e-7 | ?Spin=0.001293898378207814
After sweep 38 energy=-8.410415  maxlinkdim=1149 maxerr=3.74E-08 time=4.873
Sweep 38 | ?E=2.002716064453125e-5 | ?Spin=0.001124575324070065
After sweep 39 energy=-8.41042  maxlinkdim=1157 maxerr=6.47E-08 time=4.458
Sweep 39 | ?E=5.7220458984375e-6 | ?Spin=0.000986181698749533
After sweep 40 energy=-8.410428  maxlinkdim=1156 maxerr=2.39E-07 time=5.330
Sweep 40 | ?E=7.62939453125e-6 | ?Spin=0.0008768677189436858

=== GROUND STATE ===
E0      = -8.410428
var0    = 0.0005340576
maxdim0 = 1156
PWD = /home/marcins/KitaevHoneycomb
Script dir = /home/marcins/KitaevHoneycomb/scripts
Writing to = results/5x4_PBC=false_Jx=-1.0_Jy=-1.0_Jz=-1.0_r=3.0/Savrg_theta=1.5707963267948966_phi=0.0_20
