nohup: ignoring input
Nbonds = 51
Nsites = 40

xx
count = 20
min   = 1
max   = 1

yy
count = 16
min   = 2
max   = 14

zz
count = 15
min   = 1
max   = 1
After sweep 1 energy=-6.89401  maxlinkdim=50 maxerr=1.47E-04 time=81.977
Sweep 1 | ?E=1.0000000068940101e9 | ?Spin=Inf
After sweep 2 energy=-6.9674916  maxlinkdim=100 maxerr=7.38E-05 time=1.021
Sweep 2 | ?E=0.07348155975341797 | ?Spin=0.12140046805143356
After sweep 3 energy=-6.994943  maxlinkdim=150 maxerr=6.91E-05 time=1.214
Sweep 3 | ?E=0.027451515197753906 | ?Spin=0.10143111506476998
After sweep 4 energy=-7.021381  maxlinkdim=200 maxerr=9.70E-05 time=1.446
Sweep 4 | ?E=0.026437759399414062 | ?Spin=0.11296118143945932
After sweep 5 energy=-7.042715  maxlinkdim=300 maxerr=6.01E-05 time=1.231
Sweep 5 | ?E=0.021334171295166016 | ?Spin=0.10494878620374948
After sweep 6 energy=-7.055408  maxlinkdim=400 maxerr=3.50E-05 time=2.290
Sweep 6 | ?E=0.012692928314208984 | ?Spin=0.11378244630759582
After sweep 7 energy=-7.0626984  maxlinkdim=500 maxerr=2.02E-05 time=2.240
Sweep 7 | ?E=0.007290363311767578 | ?Spin=0.06446064135525376
After sweep 8 energy=-7.0661283  maxlinkdim=700 maxerr=3.82E-06 time=4.111
Sweep 8 | ?E=0.003429889678955078 | ?Spin=0.04078923270571977
After sweep 9 energy=-7.0677323  maxlinkdim=900 maxerr=8.81E-07 time=9.019
Sweep 9 | ?E=0.0016040802001953125 | ?Spin=0.03850099933333695
After sweep 10 energy=-7.068464  maxlinkdim=1200 maxerr=6.48E-08 time=11.613
Sweep 10 | ?E=0.0007314682006835938 | ?Spin=0.029946673195809126
After sweep 11 energy=-7.0687914  maxlinkdim=1371 maxerr=1.00E-08 time=12.169
Sweep 11 | ?E=0.0003275871276855469 | ?Spin=0.020421041292138398
After sweep 12 energy=-7.0689163  maxlinkdim=1288 maxerr=1.00E-08 time=10.430
Sweep 12 | ?E=0.00012493133544921875 | ?Spin=0.013084948644973338
After sweep 13 energy=-7.0689893  maxlinkdim=1188 maxerr=9.88E-08 time=8.807
Sweep 13 | ?E=7.295608520507812e-5 | ?Spin=0.007872888701967895
After sweep 14 energy=-7.0690036  maxlinkdim=1156 maxerr=8.84E-08 time=8.177
Sweep 14 | ?E=1.430511474609375e-5 | ?Spin=0.005240699741989374
After sweep 15 energy=-7.0690274  maxlinkdim=1127 maxerr=9.90E-08 time=7.227
Sweep 15 | ?E=2.384185791015625e-5 | ?Spin=0.003085866803303361
After sweep 16 energy=-7.06904  maxlinkdim=1118 maxerr=2.23E-08 time=7.038
Sweep 16 | ?E=1.239776611328125e-5 | ?Spin=0.0019359405268914998
After sweep 17 energy=-7.0690317  maxlinkdim=1120 maxerr=2.04E-07 time=7.533
Sweep 17 | ?E=8.106231689453125e-6 | ?Spin=0.0013244855217635632
After sweep 18 energy=-7.0690207  maxlinkdim=1106 maxerr=9.60E-08 time=6.659
Sweep 18 | ?E=1.0967254638671875e-5 | ?Spin=0.0008681307663209736
After sweep 19 energy=-7.0690355  maxlinkdim=1109 maxerr=5.89E-08 time=6.379
Sweep 19 | ?E=1.4781951904296875e-5 | ?Spin=0.0005644642660627142
After sweep 20 energy=-7.0690455  maxlinkdim=1104 maxerr=9.08E-08 time=6.911
Sweep 20 | ?E=1.0013580322265625e-5 | ?Spin=0.00042203173507004976
After sweep 21 energy=-7.0690484  maxlinkdim=1100 maxerr=5.22E-08 time=6.073
Sweep 21 | ?E=2.86102294921875e-6 | ?Spin=0.0002866040013032034
After sweep 22 energy=-7.0690317  maxlinkdim=1100 maxerr=7.86E-08 time=8.006
Sweep 22 | ?E=1.6689300537109375e-5 | ?Spin=0.00020388606935739517
After sweep 23 energy=-7.0690603  maxlinkdim=1095 maxerr=1.19E-07 time=7.093
Sweep 23 | ?E=2.86102294921875e-5 | ?Spin=0.00013335821131477132
After sweep 24 energy=-7.0690427  maxlinkdim=1094 maxerr=9.62E-08 time=5.272
Sweep 24 | ?E=1.7642974853515625e-5 | ?Spin=9.379513357998803e-5
After sweep 25 energy=-7.06906  maxlinkdim=1105 maxerr=1.14E-07 time=6.823
Sweep 25 | ?E=1.71661376953125e-5 | ?Spin=9.900587565425667e-5
After sweep 26 energy=-7.0690513  maxlinkdim=1102 maxerr=8.94E-08 time=5.453
Sweep 26 | ?E=8.58306884765625e-6 | ?Spin=8.448029802821111e-5
After sweep 27 energy=-7.0690417  maxlinkdim=1102 maxerr=9.16E-08 time=6.116
Sweep 27 | ?E=9.5367431640625e-6 | ?Spin=7.119452129700221e-5
After sweep 28 energy=-7.0690565  maxlinkdim=1106 maxerr=1.16E-08 time=5.993
Sweep 28 | ?E=1.4781951904296875e-5 | ?Spin=5.917440148550668e-5
After sweep 29 energy=-7.069064  maxlinkdim=1108 maxerr=2.69E-08 time=5.102
Sweep 29 | ?E=7.62939453125e-6 | ?Spin=4.449152538654744e-5
After sweep 30 energy=-7.0690465  maxlinkdim=1105 maxerr=1.09E-07 time=6.150
Sweep 30 | ?E=1.7642974853515625e-5 | ?Spin=8.537246594642056e-5
After sweep 31 energy=-7.0690618  maxlinkdim=1102 maxerr=1.35E-07 time=6.340
Sweep 31 | ?E=1.52587890625e-5 | ?Spin=4.827938982998603e-5
After sweep 32 energy=-7.069063  maxlinkdim=1106 maxerr=9.78E-08 time=5.641
Sweep 32 | ?E=1.430511474609375e-6 | ?Spin=0.00010334259877708973
After sweep 33 energy=-7.069055  maxlinkdim=1102 maxerr=8.93E-08 time=5.906
Sweep 33 | ?E=8.106231689453125e-6 | ?Spin=6.674619851310126e-5
After sweep 34 energy=-7.069059  maxlinkdim=1127 maxerr=1.59E-07 time=7.257
Sweep 34 | ?E=3.814697265625e-6 | ?Spin=0.000138895066470468
After sweep 35 energy=-7.0690603  maxlinkdim=1126 maxerr=7.94E-08 time=5.953
Sweep 35 | ?E=1.430511474609375e-6 | ?Spin=5.844834379331587e-5
After sweep 36 energy=-7.0690603  maxlinkdim=1098 maxerr=1.18E-07 time=6.711
Sweep 36 | ?E=0.0 | ?Spin=3.67105536724921e-5
After sweep 37 energy=-7.0690503  maxlinkdim=1108 maxerr=6.76E-08 time=6.082
Sweep 37 | ?E=1.0013580322265625e-5 | ?Spin=6.29355549790489e-5
After sweep 38 energy=-7.0690746  maxlinkdim=1101 maxerr=6.40E-08 time=5.063
Sweep 38 | ?E=2.4318695068359375e-5 | ?Spin=5.9482819324330194e-5
After sweep 39 energy=-7.069068  maxlinkdim=1108 maxerr=6.77E-08 time=6.279
Sweep 39 | ?E=6.67572021484375e-6 | ?Spin=0.00013692346419702517
After sweep 40 energy=-7.06907  maxlinkdim=1111 maxerr=5.63E-08 time=6.507
Sweep 40 | ?E=1.9073486328125e-6 | ?Spin=0.00014216041654435685

=== GROUND STATE ===
E0      = -7.06907
var0    = 0.00049209595
maxdim0 = 1111
PWD = /home/marcins/KitaevHoneycomb
Script dir = /home/marcins/KitaevHoneycomb/scripts
Writing to = results/5x4_PBC=false_Jx=-1.0_Jy=-1.0_Jz=-1.0_r=0.1/Savrg_theta=1.5707963267948966_phi=0.0_20
